deploy match the snapshot:
  1: |
    apiVersion: apps/v1
    kind: Deployment
    metadata:
      labels:
        app: RELEASE-NAME
      name: RELEASE-NAME
      namespace: NAMESPACE
    spec:
      revisionHistoryLimit: 3
      selector:
        matchLabels:
          app: RELEASE-NAME
      strategy:
        rollingUpdate:
          maxSurge: 5
          maxUnavailable: 0
        type: null
      template:
        metadata:
          annotations:
            traffic.sidecar.istio.io/excludeInboundPorts: "2112"
            traffic.sidecar.istio.io/excludeOutboundPorts: "5432"
          labels:
            app: RELEASE-NAME
        spec:
          containers:
            - args:
                - serve
              env:
                - name: LOG_LEVEL
                  value: info
                - name: REGION
                  value: test-region
                - name: ENVIRONMENT
                  value: test-environment
                - name: IMAGE_TAG
                  value: "12345"
                - name: IMAGE_NAME
                  value: ghcr.io/openmfp/iam-service
              image: ghcr.io/openmfp/iam-service:12345
              name: RELEASE-NAME
              ports:
                - containerPort: 8081
                  name: grpc
                  protocol: TCP
              volumeMounts:
                - mountPath: /var/data
                  name: config
          serviceAccountName: RELEASE-NAME
deploy match the snapshot with openfga:
  1: |
    apiVersion: apps/v1
    kind: Deployment
    metadata:
      labels:
        app: RELEASE-NAME
      name: RELEASE-NAME
      namespace: NAMESPACE
    spec:
      revisionHistoryLimit: 3
      selector:
        matchLabels:
          app: RELEASE-NAME
      strategy:
        rollingUpdate:
          maxSurge: 5
          maxUnavailable: 0
        type: null
      template:
        metadata:
          annotations:
            traffic.sidecar.istio.io/excludeInboundPorts: "2112"
            traffic.sidecar.istio.io/excludeOutboundPorts: "5432"
          labels:
            app: RELEASE-NAME
        spec:
          containers:
            - args:
                - serve
              env:
                - name: LOG_LEVEL
                  value: info
                - name: REGION
                  value: test-region
                - name: ENVIRONMENT
                  value: test-environment
                - name: IMAGE_TAG
                  value: "12345"
                - name: IMAGE_NAME
                  value: ghcr.io/openmfp/iam-service
              image: ghcr.io/openmfp/iam-service:12345
              name: RELEASE-NAME
              ports:
                - containerPort: 8081
                  name: grpc
                  protocol: TCP
              volumeMounts:
                - mountPath: /var/data
                  name: config
          serviceAccountName: RELEASE-NAME
